> a <- unique(ANALITIC$gidenpac)
> i <- unique(INFORM$GIDENPAC)
> which(!(b %in% a))

Error: object 'b' not found
Show stack trace
> which(!(i %in% a))
   [1]    1    2    8   13   14   16   27   31   33   61   65   68   71   73   77   81   93   95  102  108  116
  [22]  122  127  128  130  139  141  164  168  169  172  173  175  184  185  188  189  197  198  200  202  204
  [43]  210  214  216  218  226  229  238  240  245  246  247  265  273  274  277  282  289  290  297  302  303
  [64]  309  314  322  330  336  339  342  351  353  361  363  379  380  384  387  403  406  413  414  421  423
  [85]  430  437  438  441  443  450  455  470  473  476  483  486  487  490  495  499  504  506  525  526  532
 [106]  533  535  537  540  541  546  548  550  563  567  577  578  579  580  581  608  622  624  627  632  638
 [127]  641  645  650  653  658  661  667  671  676  678  692  704  723  734  751  752  753  755  756  768  774
 [148]  776  786  787  793  799  800  801  803  804  812  813  816  819  821  826  831  832  836  846  855  856
 [169]  870  871  873  887  890  895  898  911  916  922  924  926  927  938  939  940  949  951  959  962  966
 [190]  972  977  983  985  989  992  995  997 1000 1009 1015 1016 1017 1024 1029 1037 1040 1047 1060 1065 1067
 [211] 1070 1076 1078 1081 1101 1108 1110 1113 1122 1123 1130 1132 1135 1136 1154 1155 1156 1163 1165 1172 1173
 [232] 1177 1190 1194 1200 1210 1211 1212 1216 1222 1230 1241 1251 1255 1269 1270 1271 1275 1279 1290 1294 1295
 [253] 1296 1301 1304 1314 1318 1319 1325 1333 1335 1355 1360 1361 1362 1379 1383 1386 1394 1397 1400 1409 1420
 [274] 1423 1426 1436 1441 1449 1450 1454 1457 1459 1469 1471 1472 1475 1477 1490 1507 1516 1525 1528 1529 1534
 [295] 1544 1550 1567 1577 1589 1599 1602 1603 1607 1609 1610 1611 1612 1613 1616 1621 1625 1635 1639 1643 1651
 [316] 1652 1654 1661 1666 1672 1677 1680 1681 1702 1704 1711 1721 1731 1732 1735 1741 1745 1746 1752 1754 1761
 [337] 1764 1765 1769 1776 1777 1778 1784 1785 1786 1787 1789 1791 1797 1799 1802 1810 1820 1821 1822 1824 1825
 [358] 1827 1838 1843 1846 1854 1855 1856 1858 1867 1869 1883 1888 1899 1902 1904 1905 1913 1915 1924 1926 1933
 [379] 1935 1951 1955 1973 1974 1980 1983 1984 1985 1987 1992 1993 1998 2005 2010 2023 2029 2032 2036 2042 2047
 [400] 2072 2077 2081 2092 2100 2103 2104 2105 2117 2121 2139 2142 2143 2144 2152 2155 2156 2157 2158 2161 2172
 [421] 2177 2179 2183 2184 2185 2188 2189 2191 2197 2204 2208 2226 2247 2248 2257 2263 2275 2279 2282 2283 2287
 [442] 2302 2307 2310 2311 2315 2320 2325 2329 2343 2344 2358 2359 2374 2376 2378 2387 2391 2399 2404 2409 2410
 [463] 2414 2419 2421 2422 2424 2426 2428 2439 2443 2446 2450 2462 2465 2469 2476 2478 2480 2488 2491 2502 2508
 [484] 2509 2510 2522 2527 2530 2538 2540 2543 2550 2558 2566 2573 2575 2588 2592 2596 2597 2600 2601 2606 2616
 [505] 2617 2618 2619 2620 2625 2653 2663 2670 2699 2700 2702 2705 2707 2708 2714 2716 2720 2721 2722 2736 2741
 [526] 2742 2754 2761 2762 2781 2783 2788 2794 2796 2806 2811 2818 2822 2824 2825 2828 2840 2843 2860 2861 2863
 [547] 2864 2887 2896 2907 2908 2910 2912 2917 2921 2922 2925 2926 2929 2933 2934 2936 2937 2940 2944 2945 2948
 [568] 2951 2958 2959 2963 2978 2979 2984 2985 2986 3000 3008 3011 3022 3024 3026 3027 3028 3039 3060 3074 3084
 [589] 3089 3094 3102 3103 3112 3113 3115 3119 3122 3143 3146 3148 3149 3154 3156 3160 3161 3167 3168 3173 3176
 [610] 3182 3186 3197 3199 3203 3213 3215 3216 3222 3224 3228 3229 3232 3237 3240 3244 3246 3252 3260 3268 3270
 [631] 3278 3280 3283 3284 3293 3317 3320 3329 3330 3337 3343 3347 3351 3353 3361 3364 3369 3377 3385 3386 3393
 [652] 3395 3406 3407 3408 3411 3441 3445 3449 3450 3459 3462 3465 3466 3470 3487 3491 3497 3503 3514 3516 3534
 [673] 3536 3542 3552 3561 3566 3579 3592 3594 3597 3599 3606 3607 3615 3619 3622 3624 3627 3636 3647 3648 3650
 [694] 3660 3662 3670 3671 3673 3683 3689 3691 3693 3699 3700 3701 3715 3724 3733 3736 3740 3758 3761 3772 3776
 [715] 3778 3780 3782 3786 3787 3788 3796 3804 3805 3808 3809 3812 3814 3815 3819 3835 3840 3841 3842 3845 3858
 [736] 3860 3865 3867 3871 3876 3902 3904 3910 3913 3916 3925 3938 3939 3943 3947 3948 3959 3970 3972 3979 4015
 [757] 4026 4028 4035 4037 4041 4045 4047 4051 4058 4059 4060 4062 4063 4081 4082 4084 4085 4087 4088 4090 4091
 [778] 4092 4095 4098 4102 4107 4116 4125 4129 4130 4132 4144 4147 4154 4157 4160 4164 4167 4169 4173 4174 4177
 [799] 4180 4182 4188 4191 4195 4202 4210 4214 4215 4224 4228 4233 4236 4239 4243 4246 4254 4256 4258 4262 4275
 [820] 4276 4288 4295 4296 4299 4303 4304 4329 4332 4333 4343 4357 4358 4373 4375 4379 4380 4383 4386 4389 4401
 [841] 4406 4410 4421 4426 4430 4443 4444 4454 4464 4469 4471 4480 4482 4487 4488 4500 4504 4512 4515 4516 4517
 [862] 4521 4522 4524 4525 4541 4542 4548 4557 4559 4561 4564 4567 4570 4574 4595 4608 4612 4622 4623 4631 4632
 [883] 4634 4643 4644 4649 4653 4660 4661 4665 4668 4672 4673 4686 4688 4689 4697 4699 4706 4707 4720 4721 4728
 [904] 4730 4734 4740 4744 4753 4763 4764 4767 4768 4773 4786 4787 4794 4796 4800 4805 4807 4815 4825 4839 4840
 [925] 4847 4855 4870 4884 4894 4897 4899 4900 4914 4917 4920 4929 4932 4939 4945 4961 4962 4967 4970 4977 4978
 [946] 4980 4985 4993 4994 4997 4998 5003 5015 5023 5030 5039 5040 5052 5057 5059 5061 5064 5067 5083 5086 5087
 [967] 5089 5096 5114 5116 5122 5129 5138 5139 5148 5151 5153 5156 5159 5161 5164 5168 5176 5178 5180 5184 5187
 [988] 5203 5212 5222 5234 5235 5243 5245 5250 5256 5261 5264 5266 5273 5276 5292 5293 5311 5312 5313 5320 5324
[1009] 5325 5327 5328 5329 5331 5347 5348 5354 5355 5364 5369 5375 5379 5380 5383 5392 5395 5398 5404 5406 5407
[1030] 5420 5425 5436 5441 5443 5447 5453 5455 5477 5501 5506 5507 5517 5519 5520 5524 5526 5530 5531 5532 5533
[1051] 5535 5547 5555 5557 5559 5564 5571 5581 5586 5598 5600 5601 5617 5623 5631 5632 5641 5677 5687 5689 5695
[1072] 5698 5707 5708 5718 5723 5744 5747 5749 5750 5757 5758 5767 5770 5776 5785 5795 5801 5816 5839 5840 5846
[1093] 5847 5855 5862 5864 5873 5884 5887 5899 5902 5912 5917 5920 5922 5926 5932 5933 5935 5936 5946 5948 5951
[1114] 5953 5954 5958 5964 5967 5968 5969 5970 5972 5976 5980 5983 5989 5999 6001 6002 6010 6021 6022 6027 6029
[1135] 6030 6031 6037 6046 6048 6053 6055 6058 6061 6069 6079 6080 6095 6103 6106 6112 6116 6119 6122 6132 6134
[1156] 6142 6144 6146 6150 6160 6168 6178 6183 6185 6186 6200 6206 6208 6211 6216 6219 6226 6230 6246 6247 6248
[1177] 6255 6260 6261 6277 6284 6285 6290 6292 6294 6305 6313 6314 6321 6327 6328 6329 6331 6332 6341 6351 6356
[1198] 6362 6370 6380 6381 6386 6387 6392 6393 6394 6395 6411 6419 6422 6427 6431 6437 6445 6448 6449 6461 6463
[1219] 6464 6475 6479 6483 6485 6489 6492 6494 6499 6508 6510 6513 6519 6527 6530 6533 6547 6549 6557 6565 6567
[1240] 6588 6589 6594 6595 6602 6603 6618 6619 6621 6625 6628 6630 6631 6639 6644 6648 6651 6656 6657 6658 6660
[1261] 6662 6665 6681 6683 6686 6690 6691
> which(!(a %in% b))

Error: object 'b' not found
Show stack trace
> which(!(a %in% i))
 [1]    4  114  210  264  389  557  595  724 1107 1167 1223 1415 1534 1778 1783 1792 1995 2128 2150 2215 2226
[22] 2557 2585 2676 2774 2810 3033 3076 3079 3097 3270 3386 3540 3706 3899 3927 4009 4062 4334 4352 4448 4553
[43] 4579 4640 4650 4708 5092 5107 5304 5431 5432 5436
> table(a %in% i)

FALSE  TRUE 
   52  5424 
> table(i %in% a)

FALSE  TRUE 
 1267  5424 